../Core/Src/main.c:44:5:_write	24	static
../Core/Src/main.c:131:5:main	88	static
../Core/Src/main.c:615:6:SystemClock_Config	88	static
../Core/Src/main.c:654:5:Is_iBus_Throttle_Min	8	static
../Core/Src/main.c:667:6:ESC_Calibration	8	static
../Core/Src/main.c:681:5:Is_iBus_Received	8	static
../Core/Src/main.c:693:6:HAL_UART_RxCpltCallback	16	static
../Core/Src/main.c:800:6:BNO080_Calibration	96	static
../Core/Src/main.c:927:6:Encode_Msg_AHRS	24	static
../Core/Src/main.c:967:6:Encode_Msg_GPS	32	static
../Core/Src/main.c:1004:6:Encode_Msg_PID_Gain	40	static
../Core/Src/main.c:1037:6:Error_Handler	4	static,ignoring_inline_asm
