../Core/Src/main.c:43:5:_write	24	static
../Core/Src/main.c:106:5:main	80	static
../Core/Src/main.c:373:6:SystemClock_Config	88	static
../Core/Src/main.c:415:5:Is_iBus_Throttle_Min	8	static
../Core/Src/main.c:428:6:ESC_Calibration	8	static
../Core/Src/main.c:442:5:Is_iBus_Received	8	static
../Core/Src/main.c:454:6:HAL_UART_RxCpltCallback	16	static
../Core/Src/main.c:537:6:BNO080_Calibration	96	static
../Core/Src/main.c:662:6:Encode_Msg_AHRS	24	static
../Core/Src/main.c:699:6:Encode_Msg_GPS	32	static
../Core/Src/main.c:741:6:Error_Handler	4	static,ignoring_inline_asm
