../Core/Src/main.c:44:5:_write	24	static
../Core/Src/main.c:133:5:main	88	static
../Core/Src/main.c:745:6:SystemClock_Config	88	static
../Core/Src/main.c:784:5:Is_iBus_Throttle_Min	8	static
../Core/Src/main.c:797:6:ESC_Calibration	8	static
../Core/Src/main.c:811:5:Is_iBus_Received	8	static
../Core/Src/main.c:823:6:HAL_UART_RxCpltCallback	16	static
../Core/Src/main.c:930:6:BNO080_Calibration	96	static
../Core/Src/main.c:1057:6:Encode_Msg_AHRS	24	static
../Core/Src/main.c:1096:6:Encode_Msg_GPS	24	static
../Core/Src/main.c:1133:6:Encode_Msg_PID_Gain	40	static
../Core/Src/main.c:1166:6:Error_Handler	4	static,ignoring_inline_asm
