19:14:16 **** Incremental Build of configuration Debug for project Drone_4-2_iBus_Pasing ****
make -j16 all 
arm-none-eabi-gcc "../Core/Src/BNO080.c" -mcpu=cortex-m4 -std=gnu11 -g3 -DDEBUG -DUSE_HAL_DRIVER -DSTM32F405xx -DUSE_FULL_LL_DRIVER -c -I../Core/Inc -I../Drivers/STM32F4xx_HAL_Driver/Inc -I../Drivers/STM32F4xx_HAL_Driver/Inc/Legacy -I../Drivers/CMSIS/Device/ST/STM32F4xx/Include -I../Drivers/CMSIS/Include -O0 -ffunction-sections -fdata-sections -Wall -fstack-usage -fcyclomatic-complexity -MMD -MP -MF"Core/Src/BNO080.d" -MT"Core/Src/BNO080.o" --specs=nano.specs -mfpu=fpv4-sp-d16 -mfloat-abi=hard -mthumb -o "Core/Src/BNO080.o"
arm-none-eabi-gcc "../Core/Src/FS-iA6B.c" -mcpu=cortex-m4 -std=gnu11 -g3 -DDEBUG -DUSE_HAL_DRIVER -DSTM32F405xx -DUSE_FULL_LL_DRIVER -c -I../Core/Inc -I../Drivers/STM32F4xx_HAL_Driver/Inc -I../Drivers/STM32F4xx_HAL_Driver/Inc/Legacy -I../Drivers/CMSIS/Device/ST/STM32F4xx/Include -I../Drivers/CMSIS/Include -O0 -ffunction-sections -fdata-sections -Wall -fstack-usage -fcyclomatic-complexity -MMD -MP -MF"Core/Src/FS-iA6B.d" -MT"Core/Src/FS-iA6B.o" --specs=nano.specs -mfpu=fpv4-sp-d16 -mfloat-abi=hard -mthumb -o "Core/Src/FS-iA6B.o"
arm-none-eabi-gcc "../Core/Src/ICM20602.c" -mcpu=cortex-m4 -std=gnu11 -g3 -DDEBUG -DUSE_HAL_DRIVER -DSTM32F405xx -DUSE_FULL_LL_DRIVER -c -I../Core/Inc -I../Drivers/STM32F4xx_HAL_Driver/Inc -I../Drivers/STM32F4xx_HAL_Driver/Inc/Legacy -I../Drivers/CMSIS/Device/ST/STM32F4xx/Include -I../Drivers/CMSIS/Include -O0 -ffunction-sections -fdata-sections -Wall -fstack-usage -fcyclomatic-complexity -MMD -MP -MF"Core/Src/ICM20602.d" -MT"Core/Src/ICM20602.o" --specs=nano.specs -mfpu=fpv4-sp-d16 -mfloat-abi=hard -mthumb -o "Core/Src/ICM20602.o"
arm-none-eabi-gcc "../Core/Src/LPS22HH.c" -mcpu=cortex-m4 -std=gnu11 -g3 -DDEBUG -DUSE_HAL_DRIVER -DSTM32F405xx -DUSE_FULL_LL_DRIVER -c -I../Core/Inc -I../Drivers/STM32F4xx_HAL_Driver/Inc -I../Drivers/STM32F4xx_HAL_Driver/Inc/Legacy -I../Drivers/CMSIS/Device/ST/STM32F4xx/Include -I../Drivers/CMSIS/Include -O0 -ffunction-sections -fdata-sections -Wall -fstack-usage -fcyclomatic-complexity -MMD -MP -MF"Core/Src/LPS22HH.d" -MT"Core/Src/LPS22HH.o" --specs=nano.specs -mfpu=fpv4-sp-d16 -mfloat-abi=hard -mthumb -o "Core/Src/LPS22HH.o"
arm-none-eabi-gcc "../Core/Src/M8N.c" -mcpu=cortex-m4 -std=gnu11 -g3 -DDEBUG -DUSE_HAL_DRIVER -DSTM32F405xx -DUSE_FULL_LL_DRIVER -c -I../Core/Inc -I../Drivers/STM32F4xx_HAL_Driver/Inc -I../Drivers/STM32F4xx_HAL_Driver/Inc/Legacy -I../Drivers/CMSIS/Device/ST/STM32F4xx/Include -I../Drivers/CMSIS/Include -O0 -ffunction-sections -fdata-sections -Wall -fstack-usage -fcyclomatic-complexity -MMD -MP -MF"Core/Src/M8N.d" -MT"Core/Src/M8N.o" --specs=nano.specs -mfpu=fpv4-sp-d16 -mfloat-abi=hard -mthumb -o "Core/Src/M8N.o"
arm-none-eabi-gcc "../Core/Src/Quaternion.c" -mcpu=cortex-m4 -std=gnu11 -g3 -DDEBUG -DUSE_HAL_DRIVER -DSTM32F405xx -DUSE_FULL_LL_DRIVER -c -I../Core/Inc -I../Drivers/STM32F4xx_HAL_Driver/Inc -I../Drivers/STM32F4xx_HAL_Driver/Inc/Legacy -I../Drivers/CMSIS/Device/ST/STM32F4xx/Include -I../Drivers/CMSIS/Include -O0 -ffunction-sections -fdata-sections -Wall -fstack-usage -fcyclomatic-complexity -MMD -MP -MF"Core/Src/Quaternion.d" -MT"Core/Src/Quaternion.o" --specs=nano.specs -mfpu=fpv4-sp-d16 -mfloat-abi=hard -mthumb -o "Core/Src/Quaternion.o"
arm-none-eabi-gcc "../Core/Src/gpio.c" -mcpu=cortex-m4 -std=gnu11 -g3 -DDEBUG -DUSE_HAL_DRIVER -DSTM32F405xx -DUSE_FULL_LL_DRIVER -c -I../Core/Inc -I../Drivers/STM32F4xx_HAL_Driver/Inc -I../Drivers/STM32F4xx_HAL_Driver/Inc/Legacy -I../Drivers/CMSIS/Device/ST/STM32F4xx/Include -I../Drivers/CMSIS/Include -O0 -ffunction-sections -fdata-sections -Wall -fstack-usage -fcyclomatic-complexity -MMD -MP -MF"Core/Src/gpio.d" -MT"Core/Src/gpio.o" --specs=nano.specs -mfpu=fpv4-sp-d16 -mfloat-abi=hard -mthumb -o "Core/Src/gpio.o"
arm-none-eabi-gcc "../Core/Src/main.c" -mcpu=cortex-m4 -std=gnu11 -g3 -DDEBUG -DUSE_HAL_DRIVER -DSTM32F405xx -DUSE_FULL_LL_DRIVER -c -I../Core/Inc -I../Drivers/STM32F4xx_HAL_Driver/Inc -I../Drivers/STM32F4xx_HAL_Driver/Inc/Legacy -I../Drivers/CMSIS/Device/ST/STM32F4xx/Include -I../Drivers/CMSIS/Include -O0 -ffunction-sections -fdata-sections -Wall -fstack-usage -fcyclomatic-complexity -MMD -MP -MF"Core/Src/main.d" -MT"Core/Src/main.o" --specs=nano.specs -mfpu=fpv4-sp-d16 -mfloat-abi=hard -mthumb -o "Core/Src/main.o"
arm-none-eabi-gcc "../Core/Src/spi.c" -mcpu=cortex-m4 -std=gnu11 -g3 -DDEBUG -DUSE_HAL_DRIVER -DSTM32F405xx -DUSE_FULL_LL_DRIVER -c -I../Core/Inc -I../Drivers/STM32F4xx_HAL_Driver/Inc -I../Drivers/STM32F4xx_HAL_Driver/Inc/Legacy -I../Drivers/CMSIS/Device/ST/STM32F4xx/Include -I../Drivers/CMSIS/Include -O0 -ffunction-sections -fdata-sections -Wall -fstack-usage -fcyclomatic-complexity -MMD -MP -MF"Core/Src/spi.d" -MT"Core/Src/spi.o" --specs=nano.specs -mfpu=fpv4-sp-d16 -mfloat-abi=hard -mthumb -o "Core/Src/spi.o"
arm-none-eabi-gcc "../Core/Src/stm32f4xx_hal_msp.c" -mcpu=cortex-m4 -std=gnu11 -g3 -DDEBUG -DUSE_HAL_DRIVER -DSTM32F405xx -DUSE_FULL_LL_DRIVER -c -I../Core/Inc -I../Drivers/STM32F4xx_HAL_Driver/Inc -I../Drivers/STM32F4xx_HAL_Driver/Inc/Legacy -I../Drivers/CMSIS/Device/ST/STM32F4xx/Include -I../Drivers/CMSIS/Include -O0 -ffunction-sections -fdata-sections -Wall -fstack-usage -fcyclomatic-complexity -MMD -MP -MF"Core/Src/stm32f4xx_hal_msp.d" -MT"Core/Src/stm32f4xx_hal_msp.o" --specs=nano.specs -mfpu=fpv4-sp-d16 -mfloat-abi=hard -mthumb -o "Core/Src/stm32f4xx_hal_msp.o"
arm-none-eabi-gcc "../Core/Src/stm32f4xx_it.c" -mcpu=cortex-m4 -std=gnu11 -g3 -DDEBUG -DUSE_HAL_DRIVER -DSTM32F405xx -DUSE_FULL_LL_DRIVER -c -I../Core/Inc -I../Drivers/STM32F4xx_HAL_Driver/Inc -I../Drivers/STM32F4xx_HAL_Driver/Inc/Legacy -I../Drivers/CMSIS/Device/ST/STM32F4xx/Include -I../Drivers/CMSIS/Include -O0 -ffunction-sections -fdata-sections -Wall -fstack-usage -fcyclomatic-complexity -MMD -MP -MF"Core/Src/stm32f4xx_it.d" -MT"Core/Src/stm32f4xx_it.o" --specs=nano.specs -mfpu=fpv4-sp-d16 -mfloat-abi=hard -mthumb -o "Core/Src/stm32f4xx_it.o"
arm-none-eabi-gcc "../Core/Src/syscalls.c" -mcpu=cortex-m4 -std=gnu11 -g3 -DDEBUG -DUSE_HAL_DRIVER -DSTM32F405xx -DUSE_FULL_LL_DRIVER -c -I../Core/Inc -I../Drivers/STM32F4xx_HAL_Driver/Inc -I../Drivers/STM32F4xx_HAL_Driver/Inc/Legacy -I../Drivers/CMSIS/Device/ST/STM32F4xx/Include -I../Drivers/CMSIS/Include -O0 -ffunction-sections -fdata-sections -Wall -fstack-usage -fcyclomatic-complexity -MMD -MP -MF"Core/Src/syscalls.d" -MT"Core/Src/syscalls.o" --specs=nano.specs -mfpu=fpv4-sp-d16 -mfloat-abi=hard -mthumb -o "Core/Src/syscalls.o"
arm-none-eabi-gcc "../Core/Src/sysmem.c" -mcpu=cortex-m4 -std=gnu11 -g3 -DDEBUG -DUSE_HAL_DRIVER -DSTM32F405xx -DUSE_FULL_LL_DRIVER -c -I../Core/Inc -I../Drivers/STM32F4xx_HAL_Driver/Inc -I../Drivers/STM32F4xx_HAL_Driver/Inc/Legacy -I../Drivers/CMSIS/Device/ST/STM32F4xx/Include -I../Drivers/CMSIS/Include -O0 -ffunction-sections -fdata-sections -Wall -fstack-usage -fcyclomatic-complexity -MMD -MP -MF"Core/Src/sysmem.d" -MT"Core/Src/sysmem.o" --specs=nano.specs -mfpu=fpv4-sp-d16 -mfloat-abi=hard -mthumb -o "Core/Src/sysmem.o"
arm-none-eabi-gcc "../Core/Src/system_stm32f4xx.c" -mcpu=cortex-m4 -std=gnu11 -g3 -DDEBUG -DUSE_HAL_DRIVER -DSTM32F405xx -DUSE_FULL_LL_DRIVER -c -I../Core/Inc -I../Drivers/STM32F4xx_HAL_Driver/Inc -I../Drivers/STM32F4xx_HAL_Driver/Inc/Legacy -I../Drivers/CMSIS/Device/ST/STM32F4xx/Include -I../Drivers/CMSIS/Include -O0 -ffunction-sections -fdata-sections -Wall -fstack-usage -fcyclomatic-complexity -MMD -MP -MF"Core/Src/system_stm32f4xx.d" -MT"Core/Src/system_stm32f4xx.o" --specs=nano.specs -mfpu=fpv4-sp-d16 -mfloat-abi=hard -mthumb -o "Core/Src/system_stm32f4xx.o"
arm-none-eabi-gcc "../Core/Src/tim.c" -mcpu=cortex-m4 -std=gnu11 -g3 -DDEBUG -DUSE_HAL_DRIVER -DSTM32F405xx -DUSE_FULL_LL_DRIVER -c -I../Core/Inc -I../Drivers/STM32F4xx_HAL_Driver/Inc -I../Drivers/STM32F4xx_HAL_Driver/Inc/Legacy -I../Drivers/CMSIS/Device/ST/STM32F4xx/Include -I../Drivers/CMSIS/Include -O0 -ffunction-sections -fdata-sections -Wall -fstack-usage -fcyclomatic-complexity -MMD -MP -MF"Core/Src/tim.d" -MT"Core/Src/tim.o" --specs=nano.specs -mfpu=fpv4-sp-d16 -mfloat-abi=hard -mthumb -o "Core/Src/tim.o"
arm-none-eabi-gcc "../Core/Src/usart.c" -mcpu=cortex-m4 -std=gnu11 -g3 -DDEBUG -DUSE_HAL_DRIVER -DSTM32F405xx -DUSE_FULL_LL_DRIVER -c -I../Core/Inc -I../Drivers/STM32F4xx_HAL_Driver/Inc -I../Drivers/STM32F4xx_HAL_Driver/Inc/Legacy -I../Drivers/CMSIS/Device/ST/STM32F4xx/Include -I../Drivers/CMSIS/Include -O0 -ffunction-sections -fdata-sections -Wall -fstack-usage -fcyclomatic-complexity -MMD -MP -MF"Core/Src/usart.d" -MT"Core/Src/usart.o" --specs=nano.specs -mfpu=fpv4-sp-d16 -mfloat-abi=hard -mthumb -o "Core/Src/usart.o"
../Core/Src/ICM20602.c: In function 'ICM20602_Initialization':
../Core/Src/ICM20602.c:160:9: warning: implicit declaration of function 'printf' [-Wimplicit-function-declaration]
  160 |         printf("Checking ICM20602...");
      |         ^~~~~~
../Core/Src/ICM20602.c:26:1: note: include '<stdio.h>' or provide a declaration of 'printf'
   25 | #include "ICM20602.h"
  +++ |+#include <stdio.h>
   26 | 
../Core/Src/ICM20602.c:160:9: warning: incompatible implicit declaration of built-in function 'printf' [-Wbuiltin-declaration-mismatch]
  160 |         printf("Checking ICM20602...");
      |         ^~~~~~
../Core/Src/ICM20602.c:160:9: note: include '<stdio.h>' or provide a declaration of 'printf'
../Core/Src/ICM20602.c:156:17: warning: unused variable 'gyro_raw_data' [-Wunused-variable]
  156 |         int16_t gyro_raw_data[3] = {0};   // To remove offset
      |                 ^~~~~~~~~~~~~
../Core/Src/ICM20602.c:155:17: warning: unused variable 'accel_raw_data' [-Wunused-variable]
  155 |         int16_t accel_raw_data[3] = {0};  // To remove offset
      |                 ^~~~~~~~~~~~~~
../Core/Src/M8N.c: In function 'M8N_TransmitData':
../Core/Src/M8N.c:70:44: warning: passing argument 2 of 'HAL_UART_Transmit' makes pointer from integer without a cast [-Wint-conversion]
   70 |                 HAL_UART_Transmit(&huart4, *(data+i), sizeof(data[i]),10);
      |                                            ^~~~~~~~~
      |                                            |
      |                                            unsigned char
In file included from ../Core/Inc/stm32f4xx_hal_conf.h:411,
                 from ../Drivers/STM32F4xx_HAL_Driver/Inc/stm32f4xx_hal.h:29,
                 from ../Core/Inc/main.h:30,
                 from ../Core/Inc/M8N.h:16,
                 from ../Core/Src/M8N.c:7:
../Drivers/STM32F4xx_HAL_Driver/Inc/stm32f4xx_hal_uart.h:745:79: note: expected 'const uint8_t *' {aka 'const unsigned char *'} but argument is of type 'unsigned char'
  745 | HAL_StatusTypeDef HAL_UART_Transmit(UART_HandleTypeDef *huart, const uint8_t *pData, uint16_t Size, uint32_t Timeout);
      |                                                                ~~~~~~~~~~~~~~~^~~~~
../Core/Src/M8N.c: In function 'M8N_initialization':
../Core/Src/M8N.c:78:26: warning: passing argument 1 of 'M8N_TransmitData' discards 'const' qualifier from pointer target type [-Wdiscarded-qualifiers]
   78 |         M8N_TransmitData(&UBX_CFG_PRT[0], sizeof(UBX_CFG_PRT));
      |                          ^~~~~~~~~~~~~~~
../Core/Src/M8N.c:67:38: note: expected 'unsigned char *' but argument is of type 'const unsigned char *'
   67 | void M8N_TransmitData(unsigned char* data, unsigned char len){
      |                       ~~~~~~~~~~~~~~~^~~~
../Core/Src/M8N.c:80:26: warning: passing argument 1 of 'M8N_TransmitData' discards 'const' qualifier from pointer target type [-Wdiscarded-qualifiers]
   80 |         M8N_TransmitData(&UBX_CFG_MSG[0], sizeof(UBX_CFG_MSG));
      |                          ^~~~~~~~~~~~~~~
../Core/Src/M8N.c:67:38: note: expected 'unsigned char *' but argument is of type 'const unsigned char *'
   67 | void M8N_TransmitData(unsigned char* data, unsigned char len){
      |                       ~~~~~~~~~~~~~~~^~~~
../Core/Src/M8N.c:82:26: warning: passing argument 1 of 'M8N_TransmitData' discards 'const' qualifier from pointer target type [-Wdiscarded-qualifiers]
   82 |         M8N_TransmitData(&UBX_CFG_RATE[0], sizeof(UBX_CFG_RATE));
      |                          ^~~~~~~~~~~~~~~~
../Core/Src/M8N.c:67:38: note: expected 'unsigned char *' but argument is of type 'const unsigned char *'
   67 | void M8N_TransmitData(unsigned char* data, unsigned char len){
      |                       ~~~~~~~~~~~~~~~^~~~
../Core/Src/M8N.c:84:26: warning: passing argument 1 of 'M8N_TransmitData' discards 'const' qualifier from pointer target type [-Wdiscarded-qualifiers]
   84 |         M8N_TransmitData(&UBX_CFG_CFG[0], sizeof(UBX_CFG_CFG));
      |                          ^~~~~~~~~~~~~~~
../Core/Src/M8N.c:67:38: note: expected 'unsigned char *' but argument is of type 'const unsigned char *'
   67 | void M8N_TransmitData(unsigned char* data, unsigned char len){
      |                       ~~~~~~~~~~~~~~~^~~~
../Core/Src/BNO080.c: In function 'BNO080_Initialization':
../Core/Src/BNO080.c:168:9: warning: implicit declaration of function 'printf' [-Wimplicit-function-declaration]
  168 |         printf("Checking BNO080...");
      |         ^~~~~~
../Core/Src/BNO080.c:48:1: note: include '<stdio.h>' or provide a declaration of 'printf'
   47 | #include <math.h>
  +++ |+#include <stdio.h>
   48 | 
../Core/Src/BNO080.c:168:9: warning: incompatible implicit declaration of built-in function 'printf' [-Wbuiltin-declaration-mismatch]
  168 |         printf("Checking BNO080...");
      |         ^~~~~~
../Core/Src/BNO080.c:168:9: note: include '<stdio.h>' or provide a declaration of 'printf'
../Core/Src/BNO080.c: In function 'BNO080_readFRSdata':
../Core/Src/BNO080.c:710:25: warning: incompatible implicit declaration of built-in function 'printf' [-Wbuiltin-declaration-mismatch]
  710 |                         printf("metaData array over run. Returning.");
      |                         ^~~~~~
../Core/Src/BNO080.c:710:25: note: include '<stdio.h>' or provide a declaration of 'printf'
../Core/Src/LPS22HH.c: In function 'LPS22HH_Initialization':
../Core/Src/LPS22HH.c:162:9: warning: implicit declaration of function 'printf' [-Wimplicit-function-declaration]
  162 |         printf("Checking LPS22HH...");
      |         ^~~~~~
../Core/Src/LPS22HH.c:30:1: note: include '<stdio.h>' or provide a declaration of 'printf'
   29 | #include <math.h>
  +++ |+#include <stdio.h>
   30 | 
../Core/Src/LPS22HH.c:162:9: warning: incompatible implicit declaration of built-in function 'printf' [-Wbuiltin-declaration-mismatch]
  162 |         printf("Checking LPS22HH...");
      |         ^~~~~~
../Core/Src/LPS22HH.c:162:9: note: include '<stdio.h>' or provide a declaration of 'printf'
../Core/Src/BNO080.c: In function 'BNO080_waitForSPI':
../Core/Src/BNO080.c:1009:9: warning: incompatible implicit declaration of built-in function 'printf' [-Wbuiltin-declaration-mismatch]
 1009 |         printf("\nData not available\n");
      |         ^~~~~~
../Core/Src/BNO080.c:1009:9: note: include '<stdio.h>' or provide a declaration of 'printf'
In file included from ../Core/Src/main.c:30:
../Core/Inc/ICM20602.h:64: warning: "CHIP_SELECT" redefined
   64 | #define CHIP_SELECT(ICM20602)           LL_GPIO_ResetOutputPin(ICM20602_SPI_CS_PORT, ICM20602_SPI_CS_PIN)
      | 
In file included from ../Core/Src/main.c:28:
../Core/Inc/BNO080.h:87: note: this is the location of the previous definition
   87 | #define CHIP_SELECT(BNO080)             LL_GPIO_ResetOutputPin(BNO080_SPI_CS_PORT, BNO080_SPI_CS_PIN)
      | 
In file included from ../Core/Src/main.c:30:
../Core/Inc/ICM20602.h:65: warning: "CHIP_DESELECT" redefined
   65 | #define CHIP_DESELECT(ICM20602)         LL_GPIO_SetOutputPin(ICM20602_SPI_CS_PORT, ICM20602_SPI_CS_PIN)
      | 
In file included from ../Core/Src/main.c:28:
../Core/Inc/BNO080.h:88: note: this is the location of the previous definition
   88 | #define CHIP_DESELECT(BNO080)   LL_GPIO_SetOutputPin(BNO080_SPI_CS_PORT, BNO080_SPI_CS_PIN)
      | 
In file included from ../Core/Src/main.c:31:
../Core/Inc/LPS22HH.h:65: warning: "CHIP_SELECT" redefined
   65 | #define CHIP_SELECT(LPS22HH)            LL_GPIO_ResetOutputPin(LPS22HH_SPI_CS_PORT, LPS22HH_SPI_CS_PIN)
      | 
In file included from ../Core/Src/main.c:30:
../Core/Inc/ICM20602.h:64: note: this is the location of the previous definition
   64 | #define CHIP_SELECT(ICM20602)           LL_GPIO_ResetOutputPin(ICM20602_SPI_CS_PORT, ICM20602_SPI_CS_PIN)
      | 
In file included from ../Core/Src/main.c:31:
../Core/Inc/LPS22HH.h:66: warning: "CHIP_DESELECT" redefined
   66 | #define CHIP_DESELECT(LPS22HH)          LL_GPIO_SetOutputPin(LPS22HH_SPI_CS_PORT, LPS22HH_SPI_CS_PIN)
      | 
In file included from ../Core/Src/main.c:30:
../Core/Inc/ICM20602.h:65: note: this is the location of the previous definition
   65 | #define CHIP_DESELECT(ICM20602)         LL_GPIO_SetOutputPin(ICM20602_SPI_CS_PORT, ICM20602_SPI_CS_PIN)
      | 
In file included from ../Core/Src/main.c:31:
../Core/Inc/LPS22HH.h:79: warning: "WHO_AM_I" redefined
   79 | #define WHO_AM_I                0x0F
      | 
In file included from ../Core/Src/main.c:30:
../Core/Inc/ICM20602.h:132: note: this is the location of the previous definition
  132 | #define WHO_AM_I        0x75 //The default value of the register is 0x12.
      | 
In file included from ../Core/Src/main.c:31:
../Core/Inc/LPS22HH.h:98: warning: "TEMP_OUT_L" redefined
   98 | #define TEMP_OUT_L              0x2B
      | 
In file included from ../Core/Src/main.c:30:
../Core/Inc/ICM20602.h:111: note: this is the location of the previous definition
  111 | #define TEMP_OUT_L      0x42
      | 
In file included from ../Core/Src/main.c:31:
../Core/Inc/LPS22HH.h:99: warning: "TEMP_OUT_H" redefined
   99 | #define TEMP_OUT_H              0x2C
      | 
In file included from ../Core/Src/main.c:30:
../Core/Inc/ICM20602.h:110: note: this is the location of the previous definition
  110 | #define TEMP_OUT_H      0x41
      | 
../Core/Src/main.c: In function '_write':
../Core/Src/main.c:44:39: warning: pointer targets in passing argument 2 of 'HAL_UART_Transmit_IT' differ in signedness [-Wpointer-sign]
   44 |         HAL_UART_Transmit_IT(&huart6, p, len);
      |                                       ^
      |                                       |
      |                                       char *
In file included from ../Core/Inc/stm32f4xx_hal_conf.h:411,
                 from ../Drivers/STM32F4xx_HAL_Driver/Inc/stm32f4xx_hal.h:29,
                 from ../Core/Inc/main.h:30,
                 from ../Core/Src/main.c:20:
../Drivers/STM32F4xx_HAL_Driver/Inc/stm32f4xx_hal_uart.h:747:82: note: expected 'const uint8_t *' {aka 'const unsigned char *'} but argument is of type 'char *'
  747 | HAL_StatusTypeDef HAL_UART_Transmit_IT(UART_HandleTypeDef *huart, const uint8_t *pData, uint16_t Size);
      |                                                                   ~~~~~~~~~~~~~~~^~~~~
../Core/Src/main.c: In function 'main':
../Core/Src/main.c:92:15: warning: unused variable 'quatRadianAccuracy' [-Wunused-variable]
   92 |         float quatRadianAccuracy;
      |               ^~~~~~~~~~~~~~~~~~
../Core/Src/main.c:91:15: warning: unused variable 'q' [-Wunused-variable]
   91 |         float q[4];
      |               ^
arm-none-eabi-gcc -o "Drone_4-2_iBus_Pasing.elf" @"objects.list"   -mcpu=cortex-m4 -T"C:\Users\myhg1\STM32CubeIDE\Drone_project\Drone_4-2_iBus_Pasing\STM32F405RGTX_FLASH.ld" --specs=nosys.specs -Wl,-Map="Drone_4-2_iBus_Pasing.map" -Wl,--gc-sections -static --specs=nano.specs -mfpu=fpv4-sp-d16 -mfloat-abi=hard -mthumb -Wl,--start-group -lc -lm -Wl,--end-group
Finished building target: Drone_4-2_iBus_Pasing.elf
 
arm-none-eabi-size  Drone_4-2_iBus_Pasing.elf 
arm-none-eabi-objdump -h -S Drone_4-2_iBus_Pasing.elf  > "Drone_4-2_iBus_Pasing.list"
   text	   data	    bss	    dec	    hex	filename
  27364	    112	   2416	  29892	   74c4	Drone_4-2_iBus_Pasing.elf
Finished building: default.size.stdout
 
Finished building: Drone_4-2_iBus_Pasing.list
 

19:14:19 Build Finished. 0 errors, 25 warnings. (took 2s.108ms)

