18:39:42 **** Incremental Build of configuration Debug for project Drone_8-4_AHRS_timer ****
make -j16 all 
arm-none-eabi-gcc -o "Drone_8-4_AHRS_timer.elf" @"objects.list"   -mcpu=cortex-m4 -T"C:\Users\kccistc\Desktop\Project\Drone_project\Drone_8-4_AHRS_timer\STM32F405RGTX_FLASH.ld" --specs=nosys.specs -Wl,-Map="Drone_8-4_AHRS_timer.map" -Wl,--gc-sections -static --specs=nano.specs -mfpu=fpv4-sp-d16 -mfloat-abi=hard -mthumb -u _printf_float -Wl,--start-group -lc -lm -Wl,--end-group
C:/ST/STM32CubeIDE_1.15.0/STM32CubeIDE/plugins/com.st.stm32cube.ide.mcu.externaltools.gnu-tools-for-stm32.12.3.rel1.win32_1.0.100.202403111256/tools/bin/../lib/gcc/arm-none-eabi/12.3.1/../../../../arm-none-eabi/bin/ld.exe: warning: Drone_8-4_AHRS_timer.elf has a LOAD segment with RWX permissions
Finished building target: Drone_8-4_AHRS_timer.elf
 
arm-none-eabi-size  Drone_8-4_AHRS_timer.elf 
arm-none-eabi-objdump -h -S Drone_8-4_AHRS_timer.elf  > "Drone_8-4_AHRS_timer.list"
   text	   data	    bss	    dec	    hex	filename
  52888	    480	   3112	  56480	   dca0	Drone_8-4_AHRS_timer.elf
Finished building: default.size.stdout
 
Finished building: Drone_8-4_AHRS_timer.list
 

18:39:42 Build Finished. 0 errors, 1 warnings. (took 489ms)

